<html>
<body>
<pre>
<h1>礦ision Build Log</h1>
<h2>Tool Versions:</h2>
IDE-Version: μVision V5.38.0.0
Copyright (C) 2022 ARM Ltd and ARM Germany GmbH. All rights reserved.
License Information: 强 牛邓, 深圳大学, LIC=QF82M-XTV11-KPCZY-I8B3C-BTK5T-U433N
 
Tool Versions:
Toolchain:       MDK-ARM Plus  Version: 5.38.0.0
Toolchain Path:  E:\keli5\ARM\ARMCLANG\Bin
C Compiler:      ArmClang.exe V6.19
Assembler:       Armasm.exe V6.19
Linker/Locator:  ArmLink.exe V6.19
Library Manager: ArmAr.exe V6.19
Hex Converter:   FromElf.exe V6.19
CPU DLL:         SARMCM3.DLL V5.38.0.0
Dialog DLL:      DCM.DLL V1.17.5.0
Target DLL:      Segger\JL2CM3.dll V2.99.42.0
Dialog DLL:      TCM.DLL V1.56.4.0
 
<h2>Project:</h2>
C:\Users\ndq\Desktop\watch1\MDK-ARM\freertos.uvprojx
Project File Date:  03/22/2023

<h2>Output:</h2>
*** Using Compiler 'V6.19', folder: 'E:\keli5\ARM\ARMCLANG\Bin'
Rebuild target 'freertos'
assembling startup_stm32f407xx.s...
compiling i2c.c...
compiling spi.c...
compiling gpio.c...
compiling tim.c...
compiling stm32f4xx_it.c...
compiling usart.c...
compiling stm32f4xx_hal_msp.c...
compiling main.c...
compiling freertos.c...
compiling stm32f4xx_hal_timebase_tim.c...
compiling adc.c...
compiling stm32f4xx_ll_adc.c...
compiling stm32f4xx_hal_flash_ramfunc.c...
compiling stm32f4xx_hal_rcc_ex.c...
compiling stm32f4xx_hal_flash_ex.c...
compiling stm32f4xx_hal_flash.c...
compiling stm32f4xx_hal_pwr.c...
compiling stm32f4xx_hal_rcc.c...
compiling stm32f4xx_hal_gpio.c...
compiling stm32f4xx_hal_adc_ex.c...
compiling stm32f4xx_hal_dma_ex.c...
compiling stm32f4xx_hal_adc.c...
compiling stm32f4xx_hal_pwr_ex.c...
compiling stm32f4xx_hal_dma.c...
compiling stm32f4xx_hal.c...
compiling stm32f4xx_hal_cortex.c...
compiling stm32f4xx_hal_i2c_ex.c...
compiling stm32f4xx_hal_exti.c...
compiling croutine.c...
compiling system_stm32f4xx.c...
compiling event_groups.c...
compiling list.c...
compiling stm32f4xx_hal_tim_ex.c...
compiling timers.c...
compiling heap_4.c...
compiling stream_buffer.c...
compiling stm32f4xx_hal_spi.c...
compiling queue.c...
compiling stm32f4xx_hal_uart.c...
compiling port.c...
compiling appTask.c...
compiling tasks.c...
compiling key.c...
compiling stm32f4xx_hal_tim.c...
compiling ringbuffer.c...
compiling cmsis_os2.c...
compiling apphumitmp.c...
compiling lcd.c...
compiling test.c...
compiling appheat.c...
compiling retarget_io.c...
compiling appstep.c...
compiling GUI.c...
compiling stm32f4xx_hal_i2c.c...
compiling EventRecorder.c...
linking...
Program Size: Code=25894 RO-data=3166 RW-data=32 ZI-data=5148  
FromELF: creating hex file...
"freertos\freertos.axf" - 0 Error(s), 0 Warning(s).

<h2>Software Packages used:</h2>

Package Vendor: ARM
                http://www.keil.com/pack/ARM.CMSIS.5.9.0.pack
                ARM.CMSIS.5.9.0
                CMSIS (Common Microcontroller Software Interface Standard)
   * Component: CORE Version: 5.6.0

Package Vendor: Keil
                https://www.keil.com/pack/Keil.ARM_Compiler.1.7.2.pack
                Keil.ARM_Compiler.1.7.2
                Keil ARM Compiler extensions for ARM Compiler 5 and ARM Compiler 6
   * Component: Event Recorder Variant: DAP Version: 1.5.1
   * Component: STDOUT Variant: EVR Version: 1.2.0

Package Vendor: Keil
                http://www.keil.com/pack/Keil.STM32F4xx_DFP.2.16.0.pack
                Keil.STM32F4xx_DFP.2.16.0
                STMicroelectronics STM32F4 Series Device Support, Drivers and Examples

<h2>Collection of Component include folders:</h2>
  ./RTE/Compiler
  ./RTE/_freertos
  E:/keli5/ARM/CMSIS/5.9.0/CMSIS/Core/Include
  E:/keli5/Keil/ARM_Compiler/1.7.2/Include
  E:/keli5/Keil/STM32F4xx_DFP/2.16.0/Drivers/CMSIS/Device/ST/STM32F4xx/Include

<h2>Collection of Component Files used:</h2>

   * Component: ARM::CMSIS:CORE:5.6.0
      Include file:  CMSIS/Core/Include/tz_context.h

   * Component: Keil.ARM Compiler::Compiler:Event Recorder:DAP:1.5.1
      Include file:  Config/EventRecorderConf.h
      Include file:  Include/EventRecorder.h
      Source file:   Source/EventRecorder.c

   * Component: Keil.ARM Compiler::Compiler:I/O:STDOUT:EVR:1.2.0
      Source file:   Source/retarget_io.c
Build Time Elapsed:  00:00:02
</pre>
</body>
</html>
